Microchip MPLAB XC8 Compiler V2.31

Linker command line:

-W-3 --edf=C:\Program Files\Microchip\xc8\v2.31\pic\dat\en_msgs.txt -cn \
  -h+dist/default/production\D2_Lab2.X.production.sym \
  --cmf=dist/default/production\D2_Lab2.X.production.cmf -z -Q16F887 \
  -oC:\Users\Luispe\AppData\Local\Temp\sis0.2 --defsym=__MPLAB_BUILD=1 \
  -Mdist/default/production/D2_Lab2.X.production.map -E1 -ver=XC8 Compiler \
  --acfsm=1493 -ASTACK=0110h-016Fh -pstack=STACK -ACODE=00h-07FFhx4 \
  -ASTRCODE=00h-01FFFh -ASTRING=00h-0FFhx32 -ACONST=00h-0FFhx32 \
  -AENTRY=00h-0FFhx32 -ACOMMON=070h-07Fh -ABANK0=020h-06Fh \
  -ABANK1=0A0h-0EFh -ABANK2=0110h-016Fh -ABANK3=0190h-01EFh \
  -ARAM=020h-06Fh,0A0h-0EFh,0110h-016Fh,0190h-01EFh \
  -AABS1=020h-07Fh,0A0h-0EFh,0110h-016Fh,0190h-01EFh -ASFR0=00h-01Fh \
  -ASFR1=080h-09Fh -ASFR2=0100h-010Fh -ASFR3=0180h-018Fh \
  -ACONFIG=02007h-02008h -DCONFIG=2 -AIDLOC=02000h-02003h -DIDLOC=2 \
  -AEEDATA=00h-0FFh/02100h -peeprom_data=EEDATA -DEEDATA=2 -DCODE=2 \
  -DSTRCODE=2 -DSTRING=2 -DCONST=2 -DENTRY=2 \
  -preset_vec=00h,intentry=04h,init,end_init -ppowerup=CODE -pcinit=CODE \
  -pfunctab=ENTRY -k C:\Users\Luispe\AppData\Local\Temp\sis0.o \
  dist/default/production\D2_Lab2.X.production.o 

Object code version is 3.11

Machine type is 16F887



                Name                               Link     Load   Length Selector   Space Scale
C:\Users\Luispe\AppData\Local\Temp\sis0.o
                end_init                              C        C        3        8       0
                reset_vec                             0        0        3        0       0
                config                             2007     2007        2        0       4
dist/default/production\D2_Lab2.X.production.o
                cinit                                 F        F       14        8       0
                functab                              23       23        9       46       0
                intentry                              4        4        8        8       0
                config                             2007     2007        2        0       4
                text23                              C03      C03       34     1806       0
                text22                              B26      B26        6     164C       0
                text21                              B35      B35       1A     166A       0
                text20                              7EF      7EF        D       58       0
                text19                              CF9      CF9       4E     19F2       0
                text18                              D47      D47       58     1A8E       0
                text17                              B6A      B6A       1D     16D4       0
                text16                              BD1      BD1       32     17A2       0
                text15                              BA8      BA8       29     1750       0
                text14                               2C       2C      361       58       0
                text13                              EC8      EC8       7C     1D90       0
                text12                              F44      F44       BC     1E88       0
                text11                              E5F      E5F       69     1CBE       0
                text10                              D9F      D9F       5B     1B3E       0
                text9                               76E      76E       81       58       0
                text8                               CB3      CB3       46     1966       0
                text7                               C37      C37       3C     186E       0
                text6                               B2C      B2C        9     1658       0
                text5                               638      638      136       58       0
                text4                               B4F      B4F       1B     169E       0
                text3                               DFA      DFA       65     1BF4       0
                text2                               C73      C73       40     18E6       0
                text1                               B87      B87       21     170E       0
                maintext                            38D      38D      2AB       58       0
                cstackBANK0                          20       20       34       20       1
                cstackCOMMON                         70       70        8       70       1
                cstackBANK1                          A0       A0       29       A0       1
                bssBANK1                             C9       C9        8       A0       1
                bssBANK0                             54       54        1       20       1
                bssCOMMON                            78       78        3       70       1
                strings                             800      800       D2     1000       0

TOTAL           Name                               Link     Load   Length     Space
        CLASS   STACK          

        CLASS   CODE           
                end_init                              C        C        3         0
                cinit                                 F        F       14         0
                intentry                              4        4        8         0
                reset_vec                             0        0        3         0
                text23                              C03      C03       34         0
                text22                              B26      B26        6         0
                text21                              B35      B35       1A         0
                text20                              7EF      7EF        D         0
                text19                              CF9      CF9       4E         0
                text18                              D47      D47       58         0
                text17                              B6A      B6A       1D         0
                text16                              BD1      BD1       32         0
                text15                              BA8      BA8       29         0
                text14                               2C       2C      361         0
                text13                              EC8      EC8       7C         0
                text12                              F44      F44       BC         0
                text11                              E5F      E5F       69         0
                text10                              D9F      D9F       5B         0
                text9                               76E      76E       81         0
                text8                               CB3      CB3       46         0
                text7                               C37      C37       3C         0
                text6                               B2C      B2C        9         0
                text5                               638      638      136         0
                text4                               B4F      B4F       1B         0
                text3                               DFA      DFA       65         0
                text2                               C73      C73       40         0
                text1                               B87      B87       21         0
                maintext                            38D      38D      2AB         0

        CLASS   STRCODE        

        CLASS   STRING         
                strings                             800      800       D2         0

        CLASS   CONST          

        CLASS   ENTRY          
                functab                              23       23        9         0

        CLASS   COMMON         
                cstackCOMMON                         70       70        8         1
                bssCOMMON                            78       78        3         1

        CLASS   BANK0          
                cstackBANK0                          20       20       34         1
                bssBANK0                             54       54        1         1

        CLASS   BANK1          
                cstackBANK1                          A0       A0       29         1
                bssBANK1                             C9       C9        8         1

        CLASS   BANK2          

        CLASS   BANK3          

        CLASS   RAM            

        CLASS   ABS1           
                abs_s1                               7E       7E        2         1

        CLASS   SFR0           

        CLASS   SFR1           

        CLASS   SFR2           

        CLASS   SFR3           

        CLASS   CONFIG         
                config                             2007     2007        2         4

        CLASS   IDLOC          

        CLASS   EEDATA         



SEGMENTS        Name                           Load    Length   Top    Selector   Space  Class     Delta

                reset_vec                      000000  000003  000003         0       0  CODE        2
                intentry                       000004  00001F  000023         8       0  CODE        2
                cstackBANK0                    000020  000035  000055        20       1  BANK0       1
                functab                        000023  000009  00002C        46       0  ENTRY       2
                text14                         00002C  0007D0  0007FC        58       0  CODE        2
                cstackCOMMON                   000070  00000B  00007B        70       1  COMMON      1
                cstackBANK1                    0000A0  000031  0000D1        A0       1  BANK1       1
                strings                        000800  0000D2  0008D2      1000       0  STRING      2
                text22                         000B26  000006  000B2C      164C       0  CODE        2
                text6                          000B2C  000009  000B35      1658       0  CODE        2
                text21                         000B35  00001A  000B4F      166A       0  CODE        2
                text4                          000B4F  00001B  000B6A      169E       0  CODE        2
                text17                         000B6A  00001D  000B87      16D4       0  CODE        2
                text1                          000B87  000021  000BA8      170E       0  CODE        2
                text15                         000BA8  000029  000BD1      1750       0  CODE        2
                text16                         000BD1  000032  000C03      17A2       0  CODE        2
                text23                         000C03  000034  000C37      1806       0  CODE        2
                text7                          000C37  00003C  000C73      186E       0  CODE        2
                text2                          000C73  000040  000CB3      18E6       0  CODE        2
                text8                          000CB3  000046  000CF9      1966       0  CODE        2
                text19                         000CF9  00004E  000D47      19F2       0  CODE        2
                text18                         000D47  000058  000D9F      1A8E       0  CODE        2
                text10                         000D9F  00005B  000DFA      1B3E       0  CODE        2
                text3                          000DFA  000065  000E5F      1BF4       0  CODE        2
                text11                         000E5F  000069  000EC8      1CBE       0  CODE        2
                text13                         000EC8  00007C  000F44      1D90       0  CODE        2
                text12                         000F44  0000BC  001000      1E88       0  CODE        2


UNUSED ADDRESS RANGES

        Name                Unused          Largest block    Delta
        BANK0            0055-006F             1B           1
        BANK1            00D1-00EF             1F           1
        BANK2            0110-016F             60           1
        BANK3            0190-01EF             60           1
        CODE             0003-0003              1           2
                         07FC-07FF              4
                         08D2-0B25            254
                         1000-1FFF            800
        COMMON           007B-007D              3           1
        CONST            0003-0003              1           2
                         07FC-07FF              4
                         08D2-0B25            100
                         1000-1FFF            100
        EEDATA           2100-21FF            100           2
        ENTRY            0003-0003              1           2
                         07FC-07FF              4
                         08D2-0B25            100
                         1000-1FFF            100
        IDLOC            2000-2003              4           2
        RAM              0055-006F             1B           1
                         00D1-00EF             1F
                         0110-016F             60
                         0190-01EF             60
        SFR0             0000-001F             20           1
        SFR1             0080-009F             20           1
        SFR2             0100-010F             10           1
        SFR3             0180-018F             10           1
        STACK            0110-016F             60           1
        STRCODE          0003-0003              1           2
                         07FC-07FF              4
                         08D2-0B25            254
                         1000-1FFF           1000
        STRING           0003-0003              1           2
                         07FC-07FF              4
                         08D2-0B25            100
                         1000-1FFF            100

                                  Symbol Table

?__Umul8_16                cstackCOMMON 0073
?___awdiv                  cstackCOMMON 0073
?___awmod                  cstackCOMMON 0073
?___flmul                  cstackBANK0  002A
?___fltol                  cstackBANK0  0044
?___lwdiv                  cstackCOMMON 0073
?___lwmod                  cstackBANK0  0023
?___xxtofl                 cstackCOMMON 0073
?__doprnt                  cstackBANK0  0029
?_printf                   cstackCOMMON 0070
?_sprintf                  cstackBANK0  0034
Lcd_Cmd@a                  cstackCOMMON 0076
Lcd_Port@a                 cstackCOMMON 0073
Lcd_Set_Cursor@a           cstackBANK0  0022
Lcd_Set_Cursor@b           cstackCOMMON 0077
Lcd_Set_Cursor@temp        cstackBANK0  0025
Lcd_Set_Cursor@y           cstackBANK0  0024
Lcd_Set_Cursor@z           cstackBANK0  0023
Lcd_Write_Char@a           cstackCOMMON 0075
Lcd_Write_Char@temp        cstackCOMMON 0076
Lcd_Write_Char@y           cstackCOMMON 0077
Lcd_Write_String@a         cstackBANK0  0020
Lcd_Write_String@i         cstackBANK0  0022
_ADCON0bits                (abs)        001F
_ADCON1bits                (abs)        009F
_ADIF                      (abs)        0066
_ADRESH                    (abs)        001E
_ANSEL                     (abs)        0188
_BAUDCTLbits               (abs)        0187
_INTCONbits                (abs)        000B
_Lcd_Clear                 text20       07EF
_Lcd_Cmd                   text21       0B35
_Lcd_Init                  text19       0CF9
_Lcd_Port                  text22       0B26
_Lcd_Set_Cursor            text18       0D47
_Lcd_Write_Char            text17       0B6A
_Lcd_Write_String          text16       0BD1
_OSCCONbits                (abs)        008F
_PIE1bits                  (abs)        008C
_PIR1bits                  (abs)        000C
_PORTA                     (abs)        0005
_PORTB                     (abs)        0006
_PORTC                     (abs)        0007
_PORTD                     (abs)        0008
_PORTE                     (abs)        0009
_PORTEbits                 (abs)        0009
_RCIF                      (abs)        0065
_RCREG                     (abs)        001A
_RCSTAbits                 (abs)        0018
_SPBRG                     (abs)        0099
_SPBRGH                    (abs)        009A
_TRISAbits                 (abs)        0085
_TRISD                     (abs)        0088
_TRISE                     (abs)        0089
_TXIF                      (abs)        0064
_TXREG                     (abs)        0019
_TXSTAbits                 (abs)        0098
__Habs1                    abs1         0058
__Hbank0                   bank0        0058
__Hbank1                   bank1        0058
__Hbank2                   bank2        0058
__Hbank3                   bank3        0058
__HbssBANK0                bssBANK0     0058
__HbssBANK1                bssBANK1     0058
__HbssCOMMON               bssCOMMON    0058
__Hcinit                   cinit        0023
__Hclrtext                 clrtext      0058
__Hcode                    code         0058
__Hcommon                  common       0058
__Hconfig                  config       2009
__HcstackBANK0             cstackBANK0  0058
__HcstackBANK1             cstackBANK1  0058
__HcstackCOMMON            cstackCOMMON 0058
__Heeprom_data             eeprom_data  0000
__Hend_init                end_init     000F
__Hfunctab                 functab      002C
__Hinit                    init         000C
__Hintentry                intentry     000C
__Hmaintext                maintext     0058
__Hpowerup                 powerup      0000
__Hram                     ram          0058
__Hreset_vec               reset_vec    0003
__Hsfr0                    sfr0         0058
__Hsfr1                    sfr1         0058
__Hsfr2                    sfr2         0058
__Hsfr3                    sfr3         0058
__Hspace_0                 (abs)        1000
__Hspace_1                 (abs)        00D1
__Hspace_2                 (abs)        0000
__Hspace_3                 (abs)        0000
__Hspace_4                 (abs)        4010
__Hstack                   stack        0000
__Hstrings                 strings      0058
__Htext                    text         0058
__Labs1                    abs1         0058
__Lbank0                   bank0        0058
__Lbank1                   bank1        0058
__Lbank2                   bank2        0058
__Lbank3                   bank3        0058
__LbssBANK0                bssBANK0     0058
__LbssBANK1                bssBANK1     0058
__LbssCOMMON               bssCOMMON    0058
__Lcinit                   cinit        000F
__Lclrtext                 clrtext      0058
__Lcode                    code         0058
__Lcommon                  common       0058
__Lconfig                  config       0000
__LcstackBANK0             cstackBANK0  0058
__LcstackBANK1             cstackBANK1  0058
__LcstackCOMMON            cstackCOMMON 0058
__Leeprom_data             eeprom_data  0000
__Lend_init                end_init     000C
__Lfunctab                 functab      0023
__Linit                    init         000C
__Lintentry                intentry     0004
__Lmaintext                maintext     0058
__Lpowerup                 powerup      0000
__Lram                     ram          0058
__Lreset_vec               reset_vec    0000
__Lsfr0                    sfr0         0058
__Lsfr1                    sfr1         0058
__Lsfr2                    sfr2         0058
__Lsfr3                    sfr3         0058
__Lspace_0                 (abs)        0000
__Lspace_1                 (abs)        0000
__Lspace_2                 (abs)        0000
__Lspace_3                 (abs)        0000
__Lspace_4                 (abs)        0000
__Lstack                   stack        0000
__Lstrings                 strings      0058
__Ltext                    text         0058
__S0                       (abs)        1000
__S1                       (abs)        00D1
__S2                       (abs)        0000
__S3                       (abs)        0000
__Umul8_16                 text15       0BA8
__Umul8_16@multiplicand    cstackCOMMON 0073
__Umul8_16@multiplier      cstackBANK0  0024
__Umul8_16@product         cstackBANK0  0020
__Umul8_16@word_mpld       cstackBANK0  0022
___awdiv                   text11       0E5F
___awdiv@counter           cstackBANK0  0020
___awdiv@dividend          cstackCOMMON 0075
___awdiv@divisor           cstackCOMMON 0073
___awdiv@quotient          cstackBANK0  0022
___awdiv@sign              cstackBANK0  0021
___awmod                   text10       0D9F
___awmod@counter           cstackBANK0  0020
___awmod@dividend          cstackCOMMON 0075
___awmod@divisor           cstackCOMMON 0073
___awmod@sign              cstackBANK0  0021
___flmul                   text14       002C
___flmul@a                 cstackBANK0  002E
___flmul@aexp              cstackBANK0  003C
___flmul@b                 cstackBANK0  002A
___flmul@bexp              cstackBANK0  003D
___flmul@grs               cstackBANK0  0038
___flmul@prod              cstackBANK0  003E
___flmul@sign              cstackBANK0  0037
___flmul@temp              cstackBANK0  0042
___fltol                   text13       0EC8
___fltol@exp1              cstackBANK0  004E
___fltol@f1                cstackBANK0  0044
___fltol@sign1             cstackBANK0  004D
___int_sp                  stack        0000
___latbits                 (abs)        0002
___lwdiv                   text8        0CB3
___lwdiv@counter           cstackBANK0  0020
___lwdiv@dividend          cstackCOMMON 0075
___lwdiv@divisor           cstackCOMMON 0073
___lwdiv@quotient          cstackBANK0  0021
___lwmod                   text7        0C37
___lwmod@counter           cstackBANK0  0028
___lwmod@dividend          cstackBANK0  0025
___lwmod@divisor           cstackBANK0  0023
___sp                      stack        0000
___stackhi                 (abs)        0000
___stacklo                 (abs)        0000
___xxtofl                  text12       0F44
___xxtofl@arg              cstackBANK0  0026
___xxtofl@exp              cstackBANK0  0025
___xxtofl@sign             cstackBANK0  0024
___xxtofl@val              cstackCOMMON 0073
__doprnt                   text5        0638
__doprnt@ap                cstackBANK0  002A
__doprnt@c                 cstackBANK0  0032
__doprnt@f                 cstackBANK0  0029
__doprnt@flag              cstackBANK0  002E
__doprnt@pb                cstackBANK0  0033
__doprnt@prec              cstackBANK0  002F
__doprnt@val               cstackBANK0  0030
__end_of_Lcd_Clear         text20       07FC
__end_of_Lcd_Cmd           text21       0B4F
__end_of_Lcd_Init          text19       0D47
__end_of_Lcd_Port          text22       0B2C
__end_of_Lcd_Set_Cursor    text18       0D9F
__end_of_Lcd_Write_Char    text17       0B87
__end_of_Lcd_Write_String  text16       0C03
__end_of__Umul8_16         text15       0BD1
__end_of___awdiv           text11       0EC8
__end_of___awmod           text10       0DFA
__end_of___flmul           text14       038D
__end_of___fltol           text13       0F44
__end_of___lwdiv           text8        0CF9
__end_of___lwmod           text7        0C73
__end_of___xxtofl          text12       1000
__end_of__doprnt           text5        076E
__end_of__fptable          functab      002C
__end_of__initialization   cinit        001F
__end_of__stringtab        strings      0810
__end_of_config_ADC        text3        0E5F
__end_of_division          text9        07EF
__end_of_dpowers           strings      081A
__end_of_isr               text23       0C37
__end_of_main              maintext     0638
__end_of_printf            text4        0B6A
__end_of_putch             text6        0B35
__end_of_setup             text2        0CB3
__end_of_sprintf           text1        0BA8
__fptable                  functab      0023
__initialization           cinit        000F
__pbssBANK0                bssBANK0     0054
__pbssBANK1                bssBANK1     00C9
__pbssCOMMON               bssCOMMON    0078
__pcstackBANK0             cstackBANK0  0020
__pcstackBANK1             cstackBANK1  00A0
__pcstackCOMMON            cstackCOMMON 0070
__pfunctab                 functab      0023
__pintentry                intentry     0004
__pmaintext                maintext     038D
__pstrings                 strings      0800
__ptext1                   text1        0B87
__ptext10                  text10       0D9F
__ptext11                  text11       0E5F
__ptext12                  text12       0F44
__ptext13                  text13       0EC8
__ptext14                  text14       002C
__ptext15                  text15       0BA8
__ptext16                  text16       0BD1
__ptext17                  text17       0B6A
__ptext18                  text18       0D47
__ptext19                  text19       0CF9
__ptext2                   text2        0C73
__ptext20                  text20       07EF
__ptext21                  text21       0B35
__ptext22                  text22       0B26
__ptext23                  text23       0C03
__ptext3                   text3        0DFA
__ptext4                   text4        0B4F
__ptext5                   text5        0638
__ptext6                   text6        0B2C
__ptext7                   text7        0C37
__ptext8                   text8        0CB3
__ptext9                   text9        076E
__size_of_Lcd_Clear        (abs)        0000
__size_of_Lcd_Cmd          (abs)        0000
__size_of_Lcd_Init         (abs)        0000
__size_of_Lcd_Port         (abs)        0000
__size_of_Lcd_Set_Cursor   (abs)        0000
__size_of_Lcd_Write_Char   (abs)        0000
__size_of_Lcd_Write_String (abs)        0000
__size_of__Umul8_16        (abs)        0000
__size_of___awdiv          (abs)        0000
__size_of___awmod          (abs)        0000
__size_of___flmul          (abs)        0000
__size_of___fltol          (abs)        0000
__size_of___lwdiv          (abs)        0000
__size_of___lwmod          (abs)        0000
__size_of___xxtofl         (abs)        0000
__size_of__doprnt          (abs)        0000
__size_of__fptable         (abs)        0000
__size_of_config_ADC       (abs)        0000
__size_of_division         (abs)        0000
__size_of_isr              (abs)        0000
__size_of_main             (abs)        0000
__size_of_printf           (abs)        0000
__size_of_putch            (abs)        0000
__size_of_setup            (abs)        0000
__size_of_sprintf          (abs)        0000
__stringbase               strings      080F
__stringtab                strings      0800
_config_ADC                text3        0DFA
_contador                  bssBANK1     00C9
_dato                      bssBANK1     00CA
_dato1                     bssBANK1     00CB
_division                  text9        076E
_dpowers                   strings      0810
_hundreds                  bssBANK1     00CE
_isr                       text23       0C03
_main                      maintext     038D
_printf                    text4        0B4F
_putch                     text6        0B2C
_residuo                   bssCOMMON    0078
_setup                     text2        0C73
_sprintf                   text1        0B87
_tens                      bssBANK1     00CD
_units                     bssBANK1     00CC
_volt01                    bssBANK1     00D0
_volt02                    bssBANK1     00CF
btemp                      (abs)        007E
config_ADC@frec            cstackCOMMON 0075
division@valor             cstackBANK0  0027
end_of_initialization      cinit        001F
fpbase                     functab      0028
fptable                    functab      0023
fptotal                    (abs)        0002
interrupt_function         intentry     0004
intlevel0                  functab      0023
intlevel1                  functab      0023
intlevel2                  functab      0023
intlevel3                  functab      0023
intlevel4                  functab      0023
intlevel5                  functab      0023
main@answer                cstackBANK1  00C8
main@buffer                cstackBANK1  00A0
main@buffer1               cstackBANK1  00B4
printf@ap                  cstackBANK0  0036
printf@f                   cstackBANK0  0037
printf@pb                  cstackBANK0  0038
putch@data                 cstackCOMMON 0073
reset_vec                  reset_vec    0000
saved_w                    (abs)        007E
sprintf@ap                 cstackBANK0  003A
sprintf@f                  cstackBANK0  0034
sprintf@pb                 cstackBANK0  003B
sprintf@wh                 cstackBANK0  0039
start                      init         000C
start_initialization       cinit        000F
wtemp0                     (abs)        007E


FUNCTION INFORMATION:

 *************** function _main *****************
 Defined at:
		line 110 in file "D2_main2.c"
 Parameters:    Size  Location     Type
		None
 Auto vars:     Size  Location     Type
  answer          1   40[BANK1 ] unsigned char 
  buffer1        20   20[BANK1 ] unsigned char [20]
  buffer         20    0[BANK1 ] unsigned char [20]
 Return value:  Size  Location     Type
                  1    wreg      void 
 Registers used:
		wreg, fsr0l, fsr0h, status,2, status,0, btemp+1, pclath, cstack
 Tracked objects:
		On entry : 
		On exit  : 
		Unchanged: 
 Data sizes:     COMMON   BANK0   BANK1   BANK3   BANK2
      Params:         0       0       0       0       0
      Locals:         0       0      41       0       0
      Temps:          0       5       0       0       0
      Totals:         0       5      41       0       0
Total ram usage:       46 bytes
 Hardware stack levels required when called:    4
 This function calls:
		_Lcd_Clear
		_Lcd_Init
		_Lcd_Set_Cursor
		_Lcd_Write_Char
		_Lcd_Write_String
		___flmul
		___fltol
		___xxtofl
		_division
		_printf
		_setup
		_sprintf
 This function is called by:
		Startup code after reset
 This function uses a non-reentrant model


 *************** function _sprintf *****************
 Defined at:
		line 13 in file "C:\Program Files\Microchip\xc8\v2.31\pic\sources\c90\common\sprintf.c"
 Parameters:    Size  Location     Type
  wh              1    wreg     PTR unsigned char 
		 -> main@buffer1(20), main@buffer(20), 
  f               1   20[BANK0 ] PTR const unsigned char 
		 -> STR_3(6), STR_2(8), 
 Auto vars:     Size  Location     Type
  wh              1   25[BANK0 ] PTR unsigned char 
		 -> main@buffer1(20), main@buffer(20), 
  pb              2   27[BANK0 ] struct __prbuf
  ap              1   26[BANK0 ] PTR void [1]
		 -> ?_sprintf(2), ?_printf(2), 
 Return value:  Size  Location     Type
                  2   20[BANK0 ] int 
 Registers used:
		wreg, fsr0l, fsr0h, status,2, status,0, btemp+1, pclath, cstack
 Tracked objects:
		On entry : 
		On exit  : 
		Unchanged: 
 Data sizes:     COMMON   BANK0   BANK1   BANK3   BANK2
      Params:         0       3       0       0       0
      Locals:         0       4       0       0       0
      Temps:          0       2       0       0       0
      Totals:         0       9       0       0       0
Total ram usage:        9 bytes
 Hardware stack levels used:    1
 Hardware stack levels required when called:    3
 This function calls:
		__doprnt
 This function is called by:
		_main
 This function uses a non-reentrant model


 *************** function _setup *****************
 Defined at:
		line 224 in file "D2_main2.c"
 Parameters:    Size  Location     Type
		None
 Auto vars:     Size  Location     Type
		None
 Return value:  Size  Location     Type
                  1    wreg      void 
 Registers used:
		wreg, fsr0l, fsr0h, status,2, status,0, pclath, cstack
 Tracked objects:
		On entry : 
		On exit  : 
		Unchanged: 
 Data sizes:     COMMON   BANK0   BANK1   BANK3   BANK2
      Params:         0       0       0       0       0
      Locals:         0       0       0       0       0
      Temps:          0       0       0       0       0
      Totals:         0       0       0       0       0
Total ram usage:        0 bytes
 Hardware stack levels used:    1
 Hardware stack levels required when called:    2
 This function calls:
		_config_ADC
 This function is called by:
		_main
 This function uses a non-reentrant model


 *************** function _config_ADC *****************
 Defined at:
		line 14 in file "ADC.c"
 Parameters:    Size  Location     Type
  frec            1    wreg     unsigned char 
 Auto vars:     Size  Location     Type
  frec            1    5[COMMON] unsigned char 
 Return value:  Size  Location     Type
                  1    wreg      void 
 Registers used:
		wreg, fsr0l, fsr0h, status,2, status,0
 Tracked objects:
		On entry : 
		On exit  : 
		Unchanged: 
 Data sizes:     COMMON   BANK0   BANK1   BANK3   BANK2
      Params:         0       0       0       0       0
      Locals:         1       0       0       0       0
      Temps:          2       0       0       0       0
      Totals:         3       0       0       0       0
Total ram usage:        3 bytes
 Hardware stack levels used:    1
 Hardware stack levels required when called:    1
 This function calls:
		Nothing
 This function is called by:
		_setup
 This function uses a non-reentrant model


 *************** function _printf *****************
 Defined at:
		line 13 in file "C:\Program Files\Microchip\xc8\v2.31\pic\sources\c90\common\printf.c"
 Parameters:    Size  Location     Type
  f               1    wreg     PTR const unsigned char 
		 -> STR_10(38), STR_9(41), STR_8(40), STR_7(2), 
		 -> STR_6(17), STR_5(2), STR_4(17), 
 Auto vars:     Size  Location     Type
  f               1   23[BANK0 ] PTR const unsigned char 
		 -> STR_10(38), STR_9(41), STR_8(40), STR_7(2), 
		 -> STR_6(17), STR_5(2), STR_4(17), 
  pb              2   24[BANK0 ] struct __prbuf
  ap              1   22[BANK0 ] PTR void [1]
		 -> ?_sprintf(2), ?_printf(2), 
 Return value:  Size  Location     Type
                  2   24[None  ] int 
 Registers used:
		wreg, fsr0l, fsr0h, status,2, status,0, btemp+1, pclath, cstack
 Tracked objects:
		On entry : 
		On exit  : 
		Unchanged: 
 Data sizes:     COMMON   BANK0   BANK1   BANK3   BANK2
      Params:         0       0       0       0       0
      Locals:         0       4       0       0       0
      Temps:          0       2       0       0       0
      Totals:         0       6       0       0       0
Total ram usage:        6 bytes
 Hardware stack levels used:    1
 Hardware stack levels required when called:    3
 This function calls:
		__doprnt
 This function is called by:
		_main
 This function uses a non-reentrant model


 *************** function __doprnt *****************
 Defined at:
		line 471 in file "C:\Program Files\Microchip\xc8\v2.31\pic\sources\c90\common\doprnt.c"
 Parameters:    Size  Location     Type
  pb              1    wreg     PTR struct __prbuf
		 -> sprintf@pb(2), printf@pb(2), 
  f               1    9[BANK0 ] PTR const unsigned char 
		 -> STR_10(38), STR_9(41), STR_8(40), STR_7(2), 
		 -> STR_6(17), STR_5(2), STR_4(17), STR_3(6), 
		 -> STR_2(8), 
  ap              1   10[BANK0 ] PTR PTR void 
		 -> sprintf@ap(1), printf@ap(1), 
 Auto vars:     Size  Location     Type
  pb              1   19[BANK0 ] PTR struct __prbuf
		 -> sprintf@pb(2), printf@pb(2), 
  tmpval          4    0        struct .
  val             2   16[BANK0 ] unsigned int 
  cp              2    0        PTR const unsigned char 
  len             2    0        unsigned int 
  c               1   18[BANK0 ] unsigned char 
  prec            1   15[BANK0 ] char 
  flag            1   14[BANK0 ] unsigned char 
 Return value:  Size  Location     Type
                  2    9[BANK0 ] int 
 Registers used:
		wreg, fsr0l, fsr0h, status,2, status,0, btemp+1, pclath, cstack
 Tracked objects:
		On entry : 
		On exit  : 
		Unchanged: 
 Data sizes:     COMMON   BANK0   BANK1   BANK3   BANK2
      Params:         0       2       0       0       0
      Locals:         0       6       0       0       0
      Temps:          0       3       0       0       0
      Totals:         0      11       0       0       0
Total ram usage:       11 bytes
 Hardware stack levels used:    1
 Hardware stack levels required when called:    2
 This function calls:
		Absolute function
		___lwdiv
		___lwmod
		_putch
 This function is called by:
		_printf
		_sprintf
 This function uses a non-reentrant model


 *************** function _putch *****************
 Defined at:
		line 199 in file "D2_main2.c"
 Parameters:    Size  Location     Type
  data            1    3[COMMON] unsigned char 
 Auto vars:     Size  Location     Type
		None
 Return value:  Size  Location     Type
                  1    wreg      void 
 Registers used:
		wreg
 Tracked objects:
		On entry : 
		On exit  : 
		Unchanged: 
 Data sizes:     COMMON   BANK0   BANK1   BANK3   BANK2
      Params:         1       0       0       0       0
      Locals:         0       0       0       0       0
      Temps:          0       0       0       0       0
      Totals:         1       0       0       0       0
Total ram usage:        1 bytes
 Hardware stack levels used:    1
 Hardware stack levels required when called:    1
 This function calls:
		Nothing
 This function is called by:
		_printf
		__doprnt
 This function uses a non-reentrant model


 *************** function ___lwmod *****************
 Defined at:
		line 5 in file "C:\Program Files\Microchip\xc8\v2.31\pic\sources\c90\common\lwmod.c"
 Parameters:    Size  Location     Type
  divisor         2    3[BANK0 ] unsigned int 
  dividend        2    5[BANK0 ] unsigned int 
 Auto vars:     Size  Location     Type
  counter         1    8[BANK0 ] unsigned char 
 Return value:  Size  Location     Type
                  2    3[BANK0 ] unsigned int 
 Registers used:
		wreg, status,2, status,0
 Tracked objects:
		On entry : 
		On exit  : 
		Unchanged: 
 Data sizes:     COMMON   BANK0   BANK1   BANK3   BANK2
      Params:         0       4       0       0       0
      Locals:         0       1       0       0       0
      Temps:          0       1       0       0       0
      Totals:         0       6       0       0       0
Total ram usage:        6 bytes
 Hardware stack levels used:    1
 Hardware stack levels required when called:    1
 This function calls:
		Nothing
 This function is called by:
		__doprnt
 This function uses a non-reentrant model


 *************** function ___lwdiv *****************
 Defined at:
		line 5 in file "C:\Program Files\Microchip\xc8\v2.31\pic\sources\c90\common\lwdiv.c"
 Parameters:    Size  Location     Type
  divisor         2    3[COMMON] unsigned int 
  dividend        2    5[COMMON] unsigned int 
 Auto vars:     Size  Location     Type
  quotient        2    1[BANK0 ] unsigned int 
  counter         1    0[BANK0 ] unsigned char 
 Return value:  Size  Location     Type
                  2    3[COMMON] unsigned int 
 Registers used:
		wreg, status,2, status,0
 Tracked objects:
		On entry : 
		On exit  : 
		Unchanged: 
 Data sizes:     COMMON   BANK0   BANK1   BANK3   BANK2
      Params:         4       0       0       0       0
      Locals:         0       3       0       0       0
      Temps:          1       0       0       0       0
      Totals:         5       3       0       0       0
Total ram usage:        8 bytes
 Hardware stack levels used:    1
 Hardware stack levels required when called:    1
 This function calls:
		Nothing
 This function is called by:
		__doprnt
 This function uses a non-reentrant model


 *************** function _division *****************
 Defined at:
		line 205 in file "D2_main2.c"
 Parameters:    Size  Location     Type
  valor           1    wreg     unsigned char 
 Auto vars:     Size  Location     Type
  valor           1    7[BANK0 ] unsigned char 
 Return value:  Size  Location     Type
                  1    wreg      unsigned char 
 Registers used:
		wreg, status,2, status,0, pclath, cstack
 Tracked objects:
		On entry : 
		On exit  : 
		Unchanged: 
 Data sizes:     COMMON   BANK0   BANK1   BANK3   BANK2
      Params:         0       0       0       0       0
      Locals:         0       1       0       0       0
      Temps:          0       3       0       0       0
      Totals:         0       4       0       0       0
Total ram usage:        4 bytes
 Hardware stack levels used:    1
 Hardware stack levels required when called:    2
 This function calls:
		___awdiv
		___awmod
 This function is called by:
		_main
		_voltajes
 This function uses a non-reentrant model


 *************** function ___awmod *****************
 Defined at:
		line 5 in file "C:\Program Files\Microchip\xc8\v2.31\pic\sources\c90\common\awmod.c"
 Parameters:    Size  Location     Type
  divisor         2    3[COMMON] int 
  dividend        2    5[COMMON] int 
 Auto vars:     Size  Location     Type
  sign            1    1[BANK0 ] unsigned char 
  counter         1    0[BANK0 ] unsigned char 
 Return value:  Size  Location     Type
                  2    3[COMMON] int 
 Registers used:
		wreg, status,2, status,0
 Tracked objects:
		On entry : 
		On exit  : 
		Unchanged: 
 Data sizes:     COMMON   BANK0   BANK1   BANK3   BANK2
      Params:         4       0       0       0       0
      Locals:         0       2       0       0       0
      Temps:          1       0       0       0       0
      Totals:         5       2       0       0       0
Total ram usage:        7 bytes
 Hardware stack levels used:    1
 Hardware stack levels required when called:    1
 This function calls:
		Nothing
 This function is called by:
		_division
 This function uses a non-reentrant model


 *************** function ___awdiv *****************
 Defined at:
		line 5 in file "C:\Program Files\Microchip\xc8\v2.31\pic\sources\c90\common\awdiv.c"
 Parameters:    Size  Location     Type
  divisor         2    3[COMMON] int 
  dividend        2    5[COMMON] int 
 Auto vars:     Size  Location     Type
  quotient        2    2[BANK0 ] int 
  sign            1    1[BANK0 ] unsigned char 
  counter         1    0[BANK0 ] unsigned char 
 Return value:  Size  Location     Type
                  2    3[COMMON] int 
 Registers used:
		wreg, status,2, status,0
 Tracked objects:
		On entry : 
		On exit  : 
		Unchanged: 
 Data sizes:     COMMON   BANK0   BANK1   BANK3   BANK2
      Params:         4       0       0       0       0
      Locals:         0       4       0       0       0
      Temps:          1       0       0       0       0
      Totals:         5       4       0       0       0
Total ram usage:        9 bytes
 Hardware stack levels used:    1
 Hardware stack levels required when called:    1
 This function calls:
		Nothing
 This function is called by:
		_division
 This function uses a non-reentrant model


 *************** function ___xxtofl *****************
 Defined at:
		line 10 in file "C:\Program Files\Microchip\xc8\v2.31\pic\sources\c90\common\xxtofl.c"
 Parameters:    Size  Location     Type
  sign            1    wreg     unsigned char 
  val             4    3[COMMON] long 
 Auto vars:     Size  Location     Type
  sign            1    4[BANK0 ] unsigned char 
  arg             4    6[BANK0 ] unsigned long 
  exp             1    5[BANK0 ] unsigned char 
 Return value:  Size  Location     Type
                  4    3[COMMON] unsigned char 
 Registers used:
		wreg, status,2, status,0
 Tracked objects:
		On entry : 
		On exit  : 
		Unchanged: 
 Data sizes:     COMMON   BANK0   BANK1   BANK3   BANK2
      Params:         4       0       0       0       0
      Locals:         0       6       0       0       0
      Temps:          0       4       0       0       0
      Totals:         4      10       0       0       0
Total ram usage:       14 bytes
 Hardware stack levels used:    1
 Hardware stack levels required when called:    1
 This function calls:
		Nothing
 This function is called by:
		_main
 This function uses a non-reentrant model


 *************** function ___fltol *****************
 Defined at:
		line 43 in file "C:\Program Files\Microchip\xc8\v2.31\pic\sources\c90\common\fltol.c"
 Parameters:    Size  Location     Type
  f1              4   36[BANK0 ] unsigned char 
 Auto vars:     Size  Location     Type
  exp1            1   46[BANK0 ] unsigned char 
  sign1           1   45[BANK0 ] unsigned char 
 Return value:  Size  Location     Type
                  4   36[BANK0 ] long 
 Registers used:
		wreg, status,2, status,0
 Tracked objects:
		On entry : 
		On exit  : 
		Unchanged: 
 Data sizes:     COMMON   BANK0   BANK1   BANK3   BANK2
      Params:         0       4       0       0       0
      Locals:         0       2       0       0       0
      Temps:          0       5       0       0       0
      Totals:         0      11       0       0       0
Total ram usage:       11 bytes
 Hardware stack levels used:    1
 Hardware stack levels required when called:    1
 This function calls:
		Nothing
 This function is called by:
		_main
 This function uses a non-reentrant model


 *************** function ___flmul *****************
 Defined at:
		line 8 in file "C:\Program Files\Microchip\xc8\v2.31\pic\sources\c90\common\sprcmul.c"
 Parameters:    Size  Location     Type
  b               4   10[BANK0 ] long 
  a               4   14[BANK0 ] long 
 Auto vars:     Size  Location     Type
  prod            4   30[BANK0 ] struct .
  grs             4   24[BANK0 ] unsigned long 
  temp            2   34[BANK0 ] struct .
  bexp            1   29[BANK0 ] unsigned char 
  aexp            1   28[BANK0 ] unsigned char 
  sign            1   23[BANK0 ] unsigned char 
 Return value:  Size  Location     Type
                  4   10[BANK0 ] unsigned char 
 Registers used:
		wreg, status,2, status,0, btemp+1, pclath, cstack
 Tracked objects:
		On entry : 
		On exit  : 
		Unchanged: 
 Data sizes:     COMMON   BANK0   BANK1   BANK3   BANK2
      Params:         0       8       0       0       0
      Locals:         0      13       0       0       0
      Temps:          0       5       0       0       0
      Totals:         0      26       0       0       0
Total ram usage:       26 bytes
 Hardware stack levels used:    1
 Hardware stack levels required when called:    2
 This function calls:
		__Umul8_16
 This function is called by:
		_main
 This function uses a non-reentrant model


 *************** function __Umul8_16 *****************
 Defined at:
		line 4 in file "C:\Program Files\Microchip\xc8\v2.31\pic\sources\c90\common\Umul8_16.c"
 Parameters:    Size  Location     Type
  multiplier      1    wreg     unsigned char 
  multiplicand    1    3[COMMON] unsigned char 
 Auto vars:     Size  Location     Type
  multiplier      1    4[BANK0 ] unsigned char 
  word_mpld       2    2[BANK0 ] unsigned int 
  product         2    0[BANK0 ] unsigned int 
 Return value:  Size  Location     Type
                  2    3[COMMON] unsigned int 
 Registers used:
		wreg, status,2, status,0
 Tracked objects:
		On entry : 
		On exit  : 
		Unchanged: 
 Data sizes:     COMMON   BANK0   BANK1   BANK3   BANK2
      Params:         2       0       0       0       0
      Locals:         0       5       0       0       0
      Temps:          2       0       0       0       0
      Totals:         4       5       0       0       0
Total ram usage:        9 bytes
 Hardware stack levels used:    1
 Hardware stack levels required when called:    1
 This function calls:
		Nothing
 This function is called by:
		___flmul
 This function uses a non-reentrant model


 *************** function _Lcd_Write_String *****************
 Defined at:
		line 86 in file "LCD.c"
 Parameters:    Size  Location     Type
  a               2    0[BANK0 ] PTR unsigned char 
		 -> RAM(512), main@buffer1(20), main@buffer(20), STR_1(17), 
 Auto vars:     Size  Location     Type
  i               2    2[BANK0 ] int 
 Return value:  Size  Location     Type
                  1    wreg      void 
 Registers used:
		wreg, fsr0l, fsr0h, status,2, status,0, btemp+1, pclath, cstack
 Tracked objects:
		On entry : 
		On exit  : 
		Unchanged: 
 Data sizes:     COMMON   BANK0   BANK1   BANK3   BANK2
      Params:         0       2       0       0       0
      Locals:         0       2       0       0       0
      Temps:          0       0       0       0       0
      Totals:         0       4       0       0       0
Total ram usage:        4 bytes
 Hardware stack levels used:    1
 Hardware stack levels required when called:    3
 This function calls:
		_Lcd_Write_Char
 This function is called by:
		_main
 This function uses a non-reentrant model


 *************** function _Lcd_Write_Char *****************
 Defined at:
		line 71 in file "LCD.c"
 Parameters:    Size  Location     Type
  a               1    wreg     unsigned char 
 Auto vars:     Size  Location     Type
  a               1    5[COMMON] unsigned char 
  y               1    7[COMMON] unsigned char 
  temp            1    6[COMMON] unsigned char 
 Return value:  Size  Location     Type
                  1    wreg      void 
 Registers used:
		wreg, status,2, status,0, pclath, cstack
 Tracked objects:
		On entry : 
		On exit  : 
		Unchanged: 
 Data sizes:     COMMON   BANK0   BANK1   BANK3   BANK2
      Params:         0       0       0       0       0
      Locals:         3       0       0       0       0
      Temps:          1       0       0       0       0
      Totals:         4       0       0       0       0
Total ram usage:        4 bytes
 Hardware stack levels used:    1
 Hardware stack levels required when called:    2
 This function calls:
		_Lcd_Port
 This function is called by:
		_main
		_Lcd_Write_String
 This function uses a non-reentrant model


 *************** function _Lcd_Set_Cursor *****************
 Defined at:
		line 35 in file "LCD.c"
 Parameters:    Size  Location     Type
  a               1    wreg     unsigned char 
  b               1    7[COMMON] unsigned char 
 Auto vars:     Size  Location     Type
  a               1    2[BANK0 ] unsigned char 
  temp            1    5[BANK0 ] unsigned char 
  y               1    4[BANK0 ] unsigned char 
  z               1    3[BANK0 ] unsigned char 
 Return value:  Size  Location     Type
                  1    wreg      void 
 Registers used:
		wreg, status,2, status,0, pclath, cstack
 Tracked objects:
		On entry : 
		On exit  : 
		Unchanged: 
 Data sizes:     COMMON   BANK0   BANK1   BANK3   BANK2
      Params:         1       0       0       0       0
      Locals:         0       4       0       0       0
      Temps:          0       2       0       0       0
      Totals:         1       6       0       0       0
Total ram usage:        7 bytes
 Hardware stack levels used:    1
 Hardware stack levels required when called:    3
 This function calls:
		_Lcd_Cmd
 This function is called by:
		_main
 This function uses a non-reentrant model


 *************** function _Lcd_Init *****************
 Defined at:
		line 53 in file "LCD.c"
 Parameters:    Size  Location     Type
		None
 Auto vars:     Size  Location     Type
		None
 Return value:  Size  Location     Type
                  1    wreg      void 
 Registers used:
		wreg, status,2, status,0, pclath, cstack
 Tracked objects:
		On entry : 
		On exit  : 
		Unchanged: 
 Data sizes:     COMMON   BANK0   BANK1   BANK3   BANK2
      Params:         0       0       0       0       0
      Locals:         0       0       0       0       0
      Temps:          0       2       0       0       0
      Totals:         0       2       0       0       0
Total ram usage:        2 bytes
 Hardware stack levels used:    1
 Hardware stack levels required when called:    3
 This function calls:
		_Lcd_Cmd
		_Lcd_Port
 This function is called by:
		_main
 This function uses a non-reentrant model


 *************** function _Lcd_Clear *****************
 Defined at:
		line 17 in file "LCD.c"
 Parameters:    Size  Location     Type
		None
 Auto vars:     Size  Location     Type
		None
 Return value:  Size  Location     Type
                  1    wreg      void 
 Registers used:
		wreg, status,2, status,0, pclath, cstack
 Tracked objects:
		On entry : 
		On exit  : 
		Unchanged: 
 Data sizes:     COMMON   BANK0   BANK1   BANK3   BANK2
      Params:         0       0       0       0       0
      Locals:         0       0       0       0       0
      Temps:          0       0       0       0       0
      Totals:         0       0       0       0       0
Total ram usage:        0 bytes
 Hardware stack levels used:    1
 Hardware stack levels required when called:    3
 This function calls:
		_Lcd_Cmd
 This function is called by:
		_main
 This function uses a non-reentrant model


 *************** function _Lcd_Cmd *****************
 Defined at:
		line 9 in file "LCD.c"
 Parameters:    Size  Location     Type
  a               1    wreg     unsigned char 
 Auto vars:     Size  Location     Type
  a               1    6[COMMON] unsigned char 
 Return value:  Size  Location     Type
                  1    wreg      void 
 Registers used:
		wreg, status,2, status,0, pclath, cstack
 Tracked objects:
		On entry : 
		On exit  : 
		Unchanged: 
 Data sizes:     COMMON   BANK0   BANK1   BANK3   BANK2
      Params:         0       0       0       0       0
      Locals:         1       0       0       0       0
      Temps:          2       0       0       0       0
      Totals:         3       0       0       0       0
Total ram usage:        3 bytes
 Hardware stack levels used:    1
 Hardware stack levels required when called:    2
 This function calls:
		_Lcd_Port
 This function is called by:
		_Lcd_Clear
		_Lcd_Set_Cursor
		_Lcd_Init
		_Lcd_Shift_Right
		_Lcd_Shift_Left
 This function uses a non-reentrant model


 *************** function _Lcd_Port *****************
 Defined at:
		line 4 in file "LCD.c"
 Parameters:    Size  Location     Type
  a               1    wreg     unsigned char 
 Auto vars:     Size  Location     Type
  a               1    3[COMMON] unsigned char 
 Return value:  Size  Location     Type
                  1    wreg      void 
 Registers used:
		wreg
 Tracked objects:
		On entry : 
		On exit  : 
		Unchanged: 
 Data sizes:     COMMON   BANK0   BANK1   BANK3   BANK2
      Params:         0       0       0       0       0
      Locals:         1       0       0       0       0
      Temps:          0       0       0       0       0
      Totals:         1       0       0       0       0
Total ram usage:        1 bytes
 Hardware stack levels used:    1
 Hardware stack levels required when called:    1
 This function calls:
		Nothing
 This function is called by:
		_Lcd_Cmd
		_Lcd_Init
		_Lcd_Write_Char
 This function uses a non-reentrant model


 *************** function _isr *****************
 Defined at:
		line 87 in file "D2_main2.c"
 Parameters:    Size  Location     Type
		None
 Auto vars:     Size  Location     Type
		None
 Return value:  Size  Location     Type
                  1    wreg      void 
 Registers used:
		wreg, status,2, status,0
 Tracked objects:
		On entry : 
		On exit  : 
		Unchanged: 
 Data sizes:     COMMON   BANK0   BANK1   BANK3   BANK2
      Params:         0       0       0       0       0
      Locals:         0       0       0       0       0
      Temps:          3       0       0       0       0
      Totals:         3       0       0       0       0
Total ram usage:        3 bytes
 Hardware stack levels used:    1
 This function calls:
		Nothing
 This function is called by:
		Interrupt level 1
 This function uses a non-reentrant model



MODULE INFORMATION

Module		Function		Class		Link	Load	Size
C:\Program Files\Microchip\xc8\v2.31\pic\sources\c90\common\sprcmul.c
		___flmul       		CODE           	002C	0000	865

C:\Program Files\Microchip\xc8\v2.31\pic\sources\c90\common\sprcmul.c estimated size: 865

C:\Program Files\Microchip\xc8\v2.31\pic\sources\c90\common\Umul8_16.c
		__Umul8_16     		CODE           	0BA8	0000	41

C:\Program Files\Microchip\xc8\v2.31\pic\sources\c90\common\Umul8_16.c estimated size: 41

C:\Program Files\Microchip\xc8\v2.31\pic\sources\c90\common\doprnt.c
		__doprnt       		CODE           	0638	0000	310

C:\Program Files\Microchip\xc8\v2.31\pic\sources\c90\common\doprnt.c estimated size: 310

C:\Program Files\Microchip\xc8\v2.31\pic\sources\c90\common\lwmod.c
		___lwmod       		CODE           	0C37	0000	60

C:\Program Files\Microchip\xc8\v2.31\pic\sources\c90\common\lwmod.c estimated size: 60

C:\Program Files\Microchip\xc8\v2.31\pic\sources\c90\common\awmod.c
		___awmod       		CODE           	0D9F	0000	91

C:\Program Files\Microchip\xc8\v2.31\pic\sources\c90\common\awmod.c estimated size: 91

D2_main2.c
		_putch         		CODE           	0B2C	0000	9
		_main          		CODE           	038D	0000	683
		_isr           		CODE           	0C03	0000	52
		_division      		CODE           	076E	0000	129
		_setup         		CODE           	0C73	0000	64

D2_main2.c estimated size: 937

C:\Program Files\Microchip\xc8\v2.31\pic\sources\c90\common\sprintf.c
		_sprintf       		CODE           	0B87	0000	33

C:\Program Files\Microchip\xc8\v2.31\pic\sources\c90\common\sprintf.c estimated size: 33

C:\Program Files\Microchip\xc8\v2.31\pic\sources\c90\common\lwdiv.c
		___lwdiv       		CODE           	0CB3	0000	70

C:\Program Files\Microchip\xc8\v2.31\pic\sources\c90\common\lwdiv.c estimated size: 70

C:\Program Files\Microchip\xc8\v2.31\pic\sources\c90\common\awdiv.c
		___awdiv       		CODE           	0E5F	0000	105

C:\Program Files\Microchip\xc8\v2.31\pic\sources\c90\common\awdiv.c estimated size: 105

shared
		__stringtab    		STRING         	0800	0000	16
		_dpowers       		STRING         	0810	0000	10
		__initialization		CODE           	000F	0000	16
		__fptable      		ENTRY          	0023	0000	9

shared estimated size: 51

C:\Program Files\Microchip\xc8\v2.31\pic\sources\c90\common\fltol.c
		___fltol       		CODE           	0EC8	0000	124

C:\Program Files\Microchip\xc8\v2.31\pic\sources\c90\common\fltol.c estimated size: 124

C:\Program Files\Microchip\xc8\v2.31\pic\sources\c90\common\xxtofl.c
		___xxtofl      		CODE           	0F44	0000	188

C:\Program Files\Microchip\xc8\v2.31\pic\sources\c90\common\xxtofl.c estimated size: 188

C:\Program Files\Microchip\xc8\v2.31\pic\sources\c90\common\printf.c
		_printf        		CODE           	0B4F	0000	27

C:\Program Files\Microchip\xc8\v2.31\pic\sources\c90\common\printf.c estimated size: 27

ADC.c
		_config_ADC    		CODE           	0DFA	0000	101

ADC.c estimated size: 101

LCD.c
		_Lcd_Write_String		CODE           	0BD1	0000	50
		_Lcd_Init      		CODE           	0CF9	0000	78
		_Lcd_Write_Char		CODE           	0B6A	0000	29
		_Lcd_Cmd       		CODE           	0B35	0000	26
		_Lcd_Set_Cursor		CODE           	0D47	0000	88
		_Lcd_Clear     		CODE           	07EF	0000	13
		_Lcd_Port      		CODE           	0B26	0000	6

LCD.c estimated size: 290

