Microchip MPLAB XC8 Compiler V2.31

Linker command line:

-W-3 --edf=C:\Program Files\Microchip\xc8\v2.31\pic\dat\en_msgs.txt -cn \
  -h+dist/default/production\D2_Lab3M.X.production.sym \
  --cmf=dist/default/production\D2_Lab3M.X.production.cmf -z -Q16F887 \
  -oC:\Users\Luispe\AppData\Local\Temp\s1go.2 --defsym=__MPLAB_BUILD=1 \
  -Mdist/default/production/D2_Lab3M.X.production.map -E1 -ver=XC8 Compiler \
  --acfsm=1493 -ASTACK=0110h-016Fh -pstack=STACK -ACODE=00h-07FFhx4 \
  -ASTRCODE=00h-01FFFh -ASTRING=00h-0FFhx32 -ACONST=00h-0FFhx32 \
  -AENTRY=00h-0FFhx32 -ACOMMON=070h-07Fh -ABANK0=020h-06Fh \
  -ABANK1=0A0h-0EFh -ABANK2=0110h-016Fh -ABANK3=0190h-01EFh \
  -ARAM=020h-06Fh,0A0h-0EFh,0110h-016Fh,0190h-01EFh \
  -AABS1=020h-07Fh,0A0h-0EFh,0110h-016Fh,0190h-01EFh -ASFR0=00h-01Fh \
  -ASFR1=080h-09Fh -ASFR2=0100h-010Fh -ASFR3=0180h-018Fh \
  -ACONFIG=02007h-02008h -DCONFIG=2 -AIDLOC=02000h-02003h -DIDLOC=2 \
  -AEEDATA=00h-0FFh/02100h -peeprom_data=EEDATA -DEEDATA=2 -DCODE=2 \
  -DSTRCODE=2 -DSTRING=2 -DCONST=2 -DENTRY=2 \
  -preset_vec=00h,intentry=04h,init,end_init -ppowerup=CODE -pcinit=CODE \
  -pfunctab=ENTRY -k C:\Users\Luispe\AppData\Local\Temp\s1go.o \
  dist/default/production\D2_Lab3M.X.production.o 

Object code version is 3.11

Machine type is 16F887



                Name                               Link     Load   Length Selector   Space Scale
C:\Users\Luispe\AppData\Local\Temp\s1go.o
                end_init                              C        C        3        8       0
                reset_vec                             0        0        3        0       0
                config                             2007     2007        2        0       4
dist/default/production\D2_Lab3M.X.production.o
                cinit                                 F        F       17        8       0
                functab                              26       26        9       4C       0
                intentry                              4        4        8        8       0
                config                             2007     2007        2        0       4
                text21                              3F1      3F1        7       5E       0
                text20                              3EA      3EA        7       5E       0
                text19                              3E1      3E1        9       5E       0
                text18                              3F8      3F8        6       5E       0
                text17                              7C9      7C9       25      940       0
                text16                              7EE      7EE       12      940       0
                text15                              4A0      4A0       83      940       0
                text14                              6AE      6AE       44      940       0
                text13                              72F      72F       3C      940       0
                text12                              3D8      3D8        9       5E       0
                text11                              250      250      136       5E       0
                text10                              386      386       21       5E       0
                text9                               7A0      7A0       29      940       0
                text8                               6F2      6F2       3D      940       0
                text7                               58E      58E       69      940       0
                text6                               655      655       59      940       0
                text5                               523      523       6B      940       0
                text4                               3A7      3A7       1B       5E       0
                text3                                2F       2F      221       5E       0
                text2                               3C2      3C2       16       5E       0
                text1                               76B      76B       35      940       0
                maintext                            5F7      5F7       5E      940       0
                cstackBANK0                          20       20       4A       20       1
                cstackCOMMON                         70       70        A       70       1
                cstackBANK1                          AA       AA        5       A0       1
                bssBANK1                             A0       A0        A       A0       1
                bssBANK0                             6A       6A        3       20       1
                bssCOMMON                            7A       7A        2       70       1
                strings                             400      400       A0      800       0

TOTAL           Name                               Link     Load   Length     Space
        CLASS   STACK          

        CLASS   CODE           
                end_init                              C        C        3         0
                cinit                                 F        F       17         0
                intentry                              4        4        8         0
                reset_vec                             0        0        3         0
                text21                              3F1      3F1        7         0
                text20                              3EA      3EA        7         0
                text19                              3E1      3E1        9         0
                text18                              3F8      3F8        6         0
                text17                              7C9      7C9       25         0
                text16                              7EE      7EE       12         0
                text15                              4A0      4A0       83         0
                text14                              6AE      6AE       44         0
                text13                              72F      72F       3C         0
                text12                              3D8      3D8        9         0
                text11                              250      250      136         0
                text10                              386      386       21         0
                text9                               7A0      7A0       29         0
                text8                               6F2      6F2       3D         0
                text7                               58E      58E       69         0
                text6                               655      655       59         0
                text5                               523      523       6B         0
                text4                               3A7      3A7       1B         0
                text3                                2F       2F      221         0
                text2                               3C2      3C2       16         0
                text1                               76B      76B       35         0
                maintext                            5F7      5F7       5E         0

        CLASS   STRCODE        

        CLASS   STRING         
                strings                             400      400       A0         0

        CLASS   CONST          

        CLASS   ENTRY          
                functab                              26       26        9         0

        CLASS   COMMON         
                cstackCOMMON                         70       70        A         1
                bssCOMMON                            7A       7A        2         1

        CLASS   BANK0          
                cstackBANK0                          20       20       4A         1
                bssBANK0                             6A       6A        3         1

        CLASS   BANK1          
                cstackBANK1                          AA       AA        5         1
                bssBANK1                             A0       A0        A         1

        CLASS   BANK2          

        CLASS   BANK3          

        CLASS   RAM            

        CLASS   ABS1           
                abs_s1                               7E       7E        2         1

        CLASS   SFR0           

        CLASS   SFR1           

        CLASS   SFR2           

        CLASS   SFR3           

        CLASS   CONFIG         
                config                             2007     2007        2         4

        CLASS   IDLOC          

        CLASS   EEDATA         



SEGMENTS        Name                           Load    Length   Top    Selector   Space  Class     Delta

                reset_vec                      000000  000003  000003         0       0  CODE        2
                intentry                       000004  000022  000026         8       0  CODE        2
                cstackBANK0                    000020  00004D  00006D        20       1  BANK0       1
                functab                        000026  000009  00002F        4C       0  ENTRY       2
                text3                          00002F  0003CF  0003FE        5E       0  CODE        2
                cstackCOMMON                   000070  00000C  00007C        70       1  COMMON      1
                bssBANK1                       0000A0  00000F  0000AF        A0       1  BANK1       1
                strings                        000400  0000A0  0004A0       800       0  STRING      2
                text15                         0004A0  000360  000800       940       0  CODE        2


UNUSED ADDRESS RANGES

        Name                Unused          Largest block    Delta
        BANK0            006D-006F              3           1
        BANK1            00AF-00EF             41           1
        BANK2            0110-016F             60           1
        BANK3            0190-01EF             60           1
        CODE             0003-0003              1           2
                         03FE-03FF              2
                         0800-1FFF            800
        COMMON           007C-007D              2           1
        CONST            0003-0003              1           2
                         03FE-03FF              2
                         0800-1FFF            100
        EEDATA           2100-21FF            100           2
        ENTRY            0003-0003              1           2
                         03FE-03FF              2
                         0800-1FFF            100
        IDLOC            2000-2003              4           2
        RAM              006D-006F              3           1
                         00AF-00EF             41
                         0110-016F             60
                         0190-01EF             60
        SFR0             0000-001F             20           1
        SFR1             0080-009F             20           1
        SFR2             0100-010F             10           1
        SFR3             0180-018F             10           1
        STACK            0110-016F             60           1
        STRCODE          0003-0003              1           2
                         03FE-03FF              2
                         0800-1FFF           1800
        STRING           0003-0003              1           2
                         03FE-03FF              2
                         0800-1FFF            100

                                  Symbol Table

?___awdiv                cstackCOMMON 0072
?___awmod                cstackCOMMON 0072
?___lwdiv                cstackCOMMON 0072
?___lwmod                cstackBANK0  0020
?___wmul                 cstackCOMMON 0072
?__doprnt                cstackBANK0  0026
?_atoi                   cstackCOMMON 0078
?_concat                 cstackBANK0  003A
?_printf                 cstackBANK0  0031
?_sprintf                cstackBANK0  0031
Init_SPI@sClockIdle      cstackCOMMON 0073
Init_SPI@sDataSample     cstackCOMMON 0072
Init_SPI@sTransmitEdge   cstackCOMMON 0074
Init_SPI@sType           cstackCOMMON 0075
Write_SPI@dat            cstackCOMMON 0072
_ANSEL                   (abs)        0188
_ANSELH                  (abs)        0189
_BAUDCTLbits             (abs)        0187
_Centenas                bssCOMMON    007B
_Decenas                 bssCOMMON    007A
_Init_SPI                text2        03C2
_OSCCONbits              (abs)        008F
_PIR1bits                (abs)        000C
_PORTC                   (abs)        0007
_PORTCbits               (abs)        0007
_PORTD                   (abs)        0008
_RCIF                    (abs)        0065
_RCREG                   (abs)        001A
_RCSTAbits               (abs)        0018
_Read_SPI                text19       03E1
_Residuo                 bssBANK0     006B
_SPBRG                   (abs)        0099
_SPBRGH                  (abs)        009A
_SSPBUF                  (abs)        0013
_SSPCON                  (abs)        0014
_SSPSTAT                 (abs)        0094
_SSPSTATbits             (abs)        0094
_TRISC2                  (abs)        043A
_TRISC3                  (abs)        043B
_TRISC5                  (abs)        043D
_TRISD                   (abs)        0088
_TXIF                    (abs)        0064
_TXREG                   (abs)        0019
_TXSTAbits               (abs)        0098
_Unidades                bssBANK0     006C
_Write_SPI               text18       03F8
__Habs1                  abs1         005E
__Hbank0                 bank0        005E
__Hbank1                 bank1        005E
__Hbank2                 bank2        005E
__Hbank3                 bank3        005E
__HbssBANK0              bssBANK0     005E
__HbssBANK1              bssBANK1     005E
__HbssCOMMON             bssCOMMON    005E
__Hcinit                 cinit        0026
__Hclrtext               clrtext      005E
__Hcode                  code         005E
__Hcommon                common       005E
__Hconfig                config       2009
__HcstackBANK0           cstackBANK0  005E
__HcstackBANK1           cstackBANK1  005E
__HcstackCOMMON          cstackCOMMON 005E
__Heeprom_data           eeprom_data  0000
__Hend_init              end_init     000F
__Hfunctab               functab      002F
__Hinit                  init         000C
__Hintentry              intentry     000C
__Hmaintext              maintext     005E
__Hpowerup               powerup      0000
__Hram                   ram          005E
__Hreset_vec             reset_vec    0003
__Hsfr0                  sfr0         005E
__Hsfr1                  sfr1         005E
__Hsfr2                  sfr2         005E
__Hsfr3                  sfr3         005E
__Hspace_0               (abs)        0800
__Hspace_1               (abs)        00AF
__Hspace_2               (abs)        0000
__Hspace_3               (abs)        0000
__Hspace_4               (abs)        4010
__Hstack                 stack        0000
__Hstrings               strings      005E
__Htext                  text         005E
__Labs1                  abs1         005E
__Lbank0                 bank0        005E
__Lbank1                 bank1        005E
__Lbank2                 bank2        005E
__Lbank3                 bank3        005E
__LbssBANK0              bssBANK0     005E
__LbssBANK1              bssBANK1     005E
__LbssCOMMON             bssCOMMON    005E
__Lcinit                 cinit        000F
__Lclrtext               clrtext      005E
__Lcode                  code         005E
__Lcommon                common       005E
__Lconfig                config       0000
__LcstackBANK0           cstackBANK0  005E
__LcstackBANK1           cstackBANK1  005E
__LcstackCOMMON          cstackCOMMON 005E
__Leeprom_data           eeprom_data  0000
__Lend_init              end_init     000C
__Lfunctab               functab      0026
__Linit                  init         000C
__Lintentry              intentry     0004
__Lmaintext              maintext     005E
__Lpowerup               powerup      0000
__Lram                   ram          005E
__Lreset_vec             reset_vec    0000
__Lsfr0                  sfr0         005E
__Lsfr1                  sfr1         005E
__Lsfr2                  sfr2         005E
__Lsfr3                  sfr3         005E
__Lspace_0               (abs)        0000
__Lspace_1               (abs)        0000
__Lspace_2               (abs)        0000
__Lspace_3               (abs)        0000
__Lspace_4               (abs)        0000
__Lstack                 stack        0000
__Lstrings               strings      005E
__Ltext                  text         005E
__S0                     (abs)        0800
__S1                     (abs)        00AF
__S2                     (abs)        0000
__S3                     (abs)        0000
___awdiv                 text7        058E
___awdiv@counter         cstackBANK0  0020
___awdiv@dividend        cstackCOMMON 0074
___awdiv@divisor         cstackCOMMON 0072
___awdiv@quotient        cstackBANK0  0022
___awdiv@sign            cstackBANK0  0021
___awmod                 text6        0655
___awmod@counter         cstackCOMMON 0077
___awmod@dividend        cstackCOMMON 0074
___awmod@divisor         cstackCOMMON 0072
___awmod@sign            cstackCOMMON 0078
___int_sp                stack        0000
___latbits               (abs)        0002
___lwdiv                 text14       06AE
___lwdiv@counter         cstackCOMMON 0079
___lwdiv@dividend        cstackCOMMON 0074
___lwdiv@divisor         cstackCOMMON 0072
___lwdiv@quotient        cstackCOMMON 0077
___lwmod                 text13       072F
___lwmod@counter         cstackBANK0  0025
___lwmod@dividend        cstackBANK0  0022
___lwmod@divisor         cstackBANK0  0020
___sp                    stack        0000
___stackhi               (abs)        0000
___stacklo               (abs)        0000
___wmul                  text17       07C9
___wmul@multiplicand     cstackCOMMON 0074
___wmul@multiplier       cstackCOMMON 0072
___wmul@product          cstackCOMMON 0076
__doprnt                 text11       0250
__doprnt@ap              cstackBANK0  0027
__doprnt@c               cstackBANK0  002F
__doprnt@f               cstackBANK0  0026
__doprnt@flag            cstackBANK0  002B
__doprnt@pb              cstackBANK0  0030
__doprnt@prec            cstackBANK0  002C
__doprnt@val             cstackBANK0  002D
__end_of_Init_SPI        text2        03D8
__end_of_Read_SPI        text19       03EA
__end_of_Write_SPI       text18       03FE
__end_of___awdiv         text7        05F7
__end_of___awmod         text6        06AE
__end_of___lwdiv         text14       06F2
__end_of___lwmod         text13       076B
__end_of___wmul          text17       07EE
__end_of__doprnt         text11       0386
__end_of__fptable        functab      002F
__end_of__initialization cinit        0022
__end_of__stringtab      strings      0406
__end_of_atoi            text15       0523
__end_of_concat          text8        072F
__end_of_division        text5        058E
__end_of_dpowers         strings      0410
__end_of_information     text3        0250
__end_of_isdigit         text16       0800
__end_of_isr             text21       03F8
__end_of_main            maintext     0655
__end_of_printf          text4        03C2
__end_of_putch           text12       03E1
__end_of_setup           text1        07A0
__end_of_spiReceiveWait  text20       03F1
__end_of_sprintf         text10       03A7
__end_of_strcat          text9        07C9
__fptable                functab      0026
__initialization         cinit        000F
__pbssBANK0              bssBANK0     006A
__pbssBANK1              bssBANK1     00A0
__pbssCOMMON             bssCOMMON    007A
__pcstackBANK0           cstackBANK0  0020
__pcstackBANK1           cstackBANK1  00AA
__pcstackCOMMON          cstackCOMMON 0070
__pfunctab               functab      0026
__pintentry              intentry     0004
__pmaintext              maintext     05F7
__pstrings               strings      0400
__ptext1                 text1        076B
__ptext10                text10       0386
__ptext11                text11       0250
__ptext12                text12       03D8
__ptext13                text13       072F
__ptext14                text14       06AE
__ptext15                text15       04A0
__ptext16                text16       07EE
__ptext17                text17       07C9
__ptext18                text18       03F8
__ptext19                text19       03E1
__ptext2                 text2        03C2
__ptext20                text20       03EA
__ptext21                text21       03F1
__ptext3                 text3        002F
__ptext4                 text4        03A7
__ptext5                 text5        0523
__ptext6                 text6        0655
__ptext7                 text7        058E
__ptext8                 text8        06F2
__ptext9                 text9        07A0
__size_of_Init_SPI       (abs)        0000
__size_of_Read_SPI       (abs)        0000
__size_of_Write_SPI      (abs)        0000
__size_of___awdiv        (abs)        0000
__size_of___awmod        (abs)        0000
__size_of___lwdiv        (abs)        0000
__size_of___lwmod        (abs)        0000
__size_of___wmul         (abs)        0000
__size_of__doprnt        (abs)        0000
__size_of__fptable       (abs)        0000
__size_of_atoi           (abs)        0000
__size_of_concat         (abs)        0000
__size_of_division       (abs)        0000
__size_of_information    (abs)        0000
__size_of_isdigit        (abs)        0000
__size_of_isr            (abs)        0000
__size_of_main           (abs)        0000
__size_of_printf         (abs)        0000
__size_of_putch          (abs)        0000
__size_of_setup          (abs)        0000
__size_of_spiReceiveWait (abs)        0000
__size_of_sprintf        (abs)        0000
__size_of_strcat         (abs)        0000
__stringbase             strings      0405
__stringtab              strings      0400
_atoi                    text15       04A0
_cen                     bssBANK0     006A
_complete                bssBANK1     00A2
_con                     bssBANK1     00A4
_concat                  text8        06F2
_dec                     bssBANK1     00A7
_division                text5        0523
_dpowers                 strings      0406
_information             text3        002F
_isdigit                 text16       07EE
_isdigit$954             cstackCOMMON 0072
_isr                     text21       03F1
_main                    maintext     05F7
_pot1                    bssBANK1     00A9
_pot2                    bssBANK1     00A8
_printf                  text4        03A7
_putch                   text12       03D8
_setup                   text1        076B
_spiReceiveWait          text20       03EA
_sprintf                 text10       0386
_strcat                  text9        07A0
_uni                     bssBANK1     00A6
atoi@a                   cstackBANK0  0023
atoi@s                   cstackBANK0  0025
atoi@sign                cstackBANK0  0022
btemp                    (abs)        007E
concat@a                 cstackBANK0  003A
concat@b                 cstackBANK0  003C
concat@c                 cstackBANK0  0067
concat@s1                cstackBANK0  0053
concat@s2                cstackBANK0  003F
division@value           cstackCOMMON 0079
end_of_initialization    cinit        0022
fpbase                   functab      002B
fptable                  functab      0026
fptotal                  (abs)        0002
interrupt_function       intentry     0004
intlevel0                functab      0026
intlevel1                functab      0026
intlevel2                functab      0026
intlevel3                functab      0026
intlevel4                functab      0026
intlevel5                functab      0026
isdigit@c                cstackCOMMON 0073
printf@ap                cstackBANK0  0035
printf@f                 cstackBANK0  0036
printf@pb                cstackBANK0  0037
putch@data               cstackCOMMON 0072
reset_vec                reset_vec    0000
saved_w                  (abs)        007E
sprintf@ap               cstackBANK0  0037
sprintf@f                cstackBANK0  0031
sprintf@pb               cstackBANK0  0038
sprintf@wh               cstackBANK0  0036
start                    init         000C
start_initialization     cinit        000F
strcat@cp                cstackCOMMON 0075
strcat@from              cstackCOMMON 0072
strcat@to                cstackCOMMON 0074
wtemp0                   (abs)        007E


FUNCTION INFORMATION:

 *************** function _main *****************
 Defined at:
		line 71 in file "D2_main3M.c"
 Parameters:    Size  Location     Type
		None
 Auto vars:     Size  Location     Type
		None
 Return value:  Size  Location     Type
                  1    wreg      void 
 Registers used:
		wreg, fsr0l, fsr0h, status,2, status,0, btemp+1, pclath, cstack
 Tracked objects:
		On entry : 
		On exit  : 
		Unchanged: 
 Data sizes:     COMMON   BANK0   BANK1   BANK3   BANK2
      Params:         0       0       0       0       0
      Locals:         0       0       0       0       0
      Temps:          0       1       0       0       0
      Totals:         0       1       0       0       0
Total ram usage:        1 bytes
 Hardware stack levels required when called:    6
 This function calls:
		_Read_SPI
		_Write_SPI
		_information
		_setup
 This function is called by:
		Startup code after reset
 This function uses a non-reentrant model


 *************** function _setup *****************
 Defined at:
		line 228 in file "D2_main3M.c"
 Parameters:    Size  Location     Type
		None
 Auto vars:     Size  Location     Type
		None
 Return value:  Size  Location     Type
                  1    wreg      void 
 Registers used:
		wreg, status,2, status,0, pclath, cstack
 Tracked objects:
		On entry : 
		On exit  : 
		Unchanged: 
 Data sizes:     COMMON   BANK0   BANK1   BANK3   BANK2
      Params:         0       0       0       0       0
      Locals:         0       0       0       0       0
      Temps:          0       0       0       0       0
      Totals:         0       0       0       0       0
Total ram usage:        0 bytes
 Hardware stack levels used:    1
 Hardware stack levels required when called:    2
 This function calls:
		_Init_SPI
 This function is called by:
		_main
 This function uses a non-reentrant model


 *************** function _Init_SPI *****************
 Defined at:
		line 3 in file "SPI.c"
 Parameters:    Size  Location     Type
  sType           1    wreg     enum E1264
  sDataSample     1    2[COMMON] enum E1272
  sClockIdle      1    3[COMMON] enum E1276
  sTransmitEdg    1    4[COMMON] enum E1280
 Auto vars:     Size  Location     Type
  sType           1    5[COMMON] enum E1264
 Return value:  Size  Location     Type
                  1    wreg      void 
 Registers used:
		wreg, status,2, status,0
 Tracked objects:
		On entry : 
		On exit  : 
		Unchanged: 
 Data sizes:     COMMON   BANK0   BANK1   BANK3   BANK2
      Params:         3       0       0       0       0
      Locals:         1       0       0       0       0
      Temps:          0       0       0       0       0
      Totals:         4       0       0       0       0
Total ram usage:        4 bytes
 Hardware stack levels used:    1
 Hardware stack levels required when called:    1
 This function calls:
		Nothing
 This function is called by:
		_setup
 This function uses a non-reentrant model


 *************** function _information *****************
 Defined at:
		line 114 in file "D2_main3M.c"
 Parameters:    Size  Location     Type
		None
 Auto vars:     Size  Location     Type
		None
 Return value:  Size  Location     Type
                  1    wreg      void 
 Registers used:
		wreg, fsr0l, fsr0h, status,2, status,0, btemp+1, pclath, cstack
 Tracked objects:
		On entry : 
		On exit  : 
		Unchanged: 
 Data sizes:     COMMON   BANK0   BANK1   BANK3   BANK2
      Params:         0       0       0       0       0
      Locals:         0       0       0       0       0
      Temps:          0       0       5       0       0
      Totals:         0       0       5       0       0
Total ram usage:        5 bytes
 Hardware stack levels used:    1
 Hardware stack levels required when called:    5
 This function calls:
		_concat
		_division
		_printf
 This function is called by:
		_main
 This function uses a non-reentrant model


 *************** function _printf *****************
 Defined at:
		line 13 in file "C:\Program Files\Microchip\xc8\v2.31\pic\sources\c90\common\printf.c"
 Parameters:    Size  Location     Type
  f               1    wreg     PTR const unsigned char 
		 -> STR_12(25), STR_11(21), STR_10(20), STR_9(20), 
		 -> STR_8(2), STR_7(4), STR_6(3), STR_5(26), 
		 -> STR_4(2), STR_3(4), STR_2(3), STR_1(25), 
 Auto vars:     Size  Location     Type
  f               1   22[BANK0 ] PTR const unsigned char 
		 -> STR_12(25), STR_11(21), STR_10(20), STR_9(20), 
		 -> STR_8(2), STR_7(4), STR_6(3), STR_5(26), 
		 -> STR_4(2), STR_3(4), STR_2(3), STR_1(25), 
  pb              2   23[BANK0 ] struct __prbuf
  ap              1   21[BANK0 ] PTR void [1]
		 -> ?_sprintf(2), ?_printf(2), 
 Return value:  Size  Location     Type
                  2   17[BANK0 ] int 
 Registers used:
		wreg, fsr0l, fsr0h, status,2, status,0, btemp+1, pclath, cstack
 Tracked objects:
		On entry : 
		On exit  : 
		Unchanged: 
 Data sizes:     COMMON   BANK0   BANK1   BANK3   BANK2
      Params:         0       2       0       0       0
      Locals:         0       4       0       0       0
      Temps:          0       2       0       0       0
      Totals:         0       8       0       0       0
Total ram usage:        8 bytes
 Hardware stack levels used:    1
 Hardware stack levels required when called:    3
 This function calls:
		__doprnt
 This function is called by:
		_information
 This function uses a non-reentrant model


 *************** function _division *****************
 Defined at:
		line 101 in file "D2_main3M.c"
 Parameters:    Size  Location     Type
  value           1    wreg     unsigned char 
 Auto vars:     Size  Location     Type
  value           1    9[COMMON] unsigned char 
 Return value:  Size  Location     Type
                  1    wreg      unsigned char 
 Registers used:
		wreg, status,2, status,0, pclath, cstack
 Tracked objects:
		On entry : 
		On exit  : 
		Unchanged: 
 Data sizes:     COMMON   BANK0   BANK1   BANK3   BANK2
      Params:         0       0       0       0       0
      Locals:         1       0       0       0       0
      Temps:          0       3       0       0       0
      Totals:         1       3       0       0       0
Total ram usage:        4 bytes
 Hardware stack levels used:    1
 Hardware stack levels required when called:    2
 This function calls:
		___awdiv
		___awmod
 This function is called by:
		_information
 This function uses a non-reentrant model


 *************** function ___awmod *****************
 Defined at:
		line 5 in file "C:\Program Files\Microchip\xc8\v2.31\pic\sources\c90\common\awmod.c"
 Parameters:    Size  Location     Type
  divisor         2    2[COMMON] int 
  dividend        2    4[COMMON] int 
 Auto vars:     Size  Location     Type
  sign            1    8[COMMON] unsigned char 
  counter         1    7[COMMON] unsigned char 
 Return value:  Size  Location     Type
                  2    2[COMMON] int 
 Registers used:
		wreg, status,2, status,0
 Tracked objects:
		On entry : 
		On exit  : 
		Unchanged: 
 Data sizes:     COMMON   BANK0   BANK1   BANK3   BANK2
      Params:         4       0       0       0       0
      Locals:         2       0       0       0       0
      Temps:          1       0       0       0       0
      Totals:         7       0       0       0       0
Total ram usage:        7 bytes
 Hardware stack levels used:    1
 Hardware stack levels required when called:    1
 This function calls:
		Nothing
 This function is called by:
		_division
 This function uses a non-reentrant model


 *************** function ___awdiv *****************
 Defined at:
		line 5 in file "C:\Program Files\Microchip\xc8\v2.31\pic\sources\c90\common\awdiv.c"
 Parameters:    Size  Location     Type
  divisor         2    2[COMMON] int 
  dividend        2    4[COMMON] int 
 Auto vars:     Size  Location     Type
  quotient        2    2[BANK0 ] int 
  sign            1    1[BANK0 ] unsigned char 
  counter         1    0[BANK0 ] unsigned char 
 Return value:  Size  Location     Type
                  2    2[COMMON] int 
 Registers used:
		wreg, status,2, status,0
 Tracked objects:
		On entry : 
		On exit  : 
		Unchanged: 
 Data sizes:     COMMON   BANK0   BANK1   BANK3   BANK2
      Params:         4       0       0       0       0
      Locals:         0       4       0       0       0
      Temps:          1       0       0       0       0
      Totals:         5       4       0       0       0
Total ram usage:        9 bytes
 Hardware stack levels used:    1
 Hardware stack levels required when called:    1
 This function calls:
		Nothing
 This function is called by:
		_division
 This function uses a non-reentrant model


 *************** function _concat *****************
 Defined at:
		line 210 in file "D2_main3M.c"
 Parameters:    Size  Location     Type
  a               2   26[BANK0 ] int 
  b               2   28[BANK0 ] int 
 Auto vars:     Size  Location     Type
  s1             20   51[BANK0 ] unsigned char [20]
  s2             20   31[BANK0 ] unsigned char [20]
  c               2   71[BANK0 ] int 
 Return value:  Size  Location     Type
                  2   26[BANK0 ] int 
 Registers used:
		wreg, fsr0l, fsr0h, status,2, status,0, btemp+1, pclath, cstack
 Tracked objects:
		On entry : 
		On exit  : 
		Unchanged: 
 Data sizes:     COMMON   BANK0   BANK1   BANK3   BANK2
      Params:         0       4       0       0       0
      Locals:         0      42       0       0       0
      Temps:          0       1       0       0       0
      Totals:         0      47       0       0       0
Total ram usage:       47 bytes
 Hardware stack levels used:    1
 Hardware stack levels required when called:    4
 This function calls:
		_atoi
		_sprintf
		_strcat
 This function is called by:
		_information
 This function uses a non-reentrant model


 *************** function _strcat *****************
 Defined at:
		line 8 in file "C:\Program Files\Microchip\xc8\v2.31\pic\sources\c90\common\strcat.c"
 Parameters:    Size  Location     Type
  to              1    wreg     PTR unsigned char 
		 -> concat@s1(20), 
  from            1    2[COMMON] PTR const unsigned char 
		 -> concat@s2(20), 
 Auto vars:     Size  Location     Type
  to              1    4[COMMON] PTR unsigned char 
		 -> concat@s1(20), 
  cp              1    5[COMMON] PTR unsigned char 
		 -> concat@s1(20), 
 Return value:  Size  Location     Type
                  1    wreg      PTR unsigned char 
 Registers used:
		wreg, fsr0l, fsr0h, status,2, status,0
 Tracked objects:
		On entry : 
		On exit  : 
		Unchanged: 
 Data sizes:     COMMON   BANK0   BANK1   BANK3   BANK2
      Params:         1       0       0       0       0
      Locals:         2       0       0       0       0
      Temps:          1       0       0       0       0
      Totals:         4       0       0       0       0
Total ram usage:        4 bytes
 Hardware stack levels used:    1
 Hardware stack levels required when called:    1
 This function calls:
		Nothing
 This function is called by:
		_concat
 This function uses a non-reentrant model


 *************** function _sprintf *****************
 Defined at:
		line 13 in file "C:\Program Files\Microchip\xc8\v2.31\pic\sources\c90\common\sprintf.c"
 Parameters:    Size  Location     Type
  wh              1    wreg     PTR unsigned char 
		 -> concat@s2(20), concat@s1(20), 
  f               1   17[BANK0 ] PTR const unsigned char 
		 -> STR_14(3), STR_13(3), 
 Auto vars:     Size  Location     Type
  wh              1   22[BANK0 ] PTR unsigned char 
		 -> concat@s2(20), concat@s1(20), 
  pb              2   24[BANK0 ] struct __prbuf
  ap              1   23[BANK0 ] PTR void [1]
		 -> ?_sprintf(2), ?_printf(2), 
 Return value:  Size  Location     Type
                  2   17[BANK0 ] int 
 Registers used:
		wreg, fsr0l, fsr0h, status,2, status,0, btemp+1, pclath, cstack
 Tracked objects:
		On entry : 
		On exit  : 
		Unchanged: 
 Data sizes:     COMMON   BANK0   BANK1   BANK3   BANK2
      Params:         0       3       0       0       0
      Locals:         0       4       0       0       0
      Temps:          0       2       0       0       0
      Totals:         0       9       0       0       0
Total ram usage:        9 bytes
 Hardware stack levels used:    1
 Hardware stack levels required when called:    3
 This function calls:
		__doprnt
 This function is called by:
		_concat
 This function uses a non-reentrant model


 *************** function __doprnt *****************
 Defined at:
		line 471 in file "C:\Program Files\Microchip\xc8\v2.31\pic\sources\c90\common\doprnt.c"
 Parameters:    Size  Location     Type
  pb              1    wreg     PTR struct __prbuf
		 -> sprintf@pb(2), printf@pb(2), 
  f               1    6[BANK0 ] PTR const unsigned char 
		 -> STR_14(3), STR_13(3), STR_12(25), STR_11(21), 
		 -> STR_10(20), STR_9(20), STR_8(2), STR_7(4), 
		 -> STR_6(3), STR_5(26), STR_4(2), STR_3(4), 
		 -> STR_2(3), STR_1(25), 
  ap              1    7[BANK0 ] PTR PTR void 
		 -> sprintf@ap(1), printf@ap(1), 
 Auto vars:     Size  Location     Type
  pb              1   16[BANK0 ] PTR struct __prbuf
		 -> sprintf@pb(2), printf@pb(2), 
  tmpval          4    0        struct .
  val             2   13[BANK0 ] unsigned int 
  cp              2    0        PTR const unsigned char 
  len             2    0        unsigned int 
  c               1   15[BANK0 ] unsigned char 
  prec            1   12[BANK0 ] char 
  flag            1   11[BANK0 ] unsigned char 
 Return value:  Size  Location     Type
                  2    6[BANK0 ] int 
 Registers used:
		wreg, fsr0l, fsr0h, status,2, status,0, btemp+1, pclath, cstack
 Tracked objects:
		On entry : 
		On exit  : 
		Unchanged: 
 Data sizes:     COMMON   BANK0   BANK1   BANK3   BANK2
      Params:         0       2       0       0       0
      Locals:         0       6       0       0       0
      Temps:          0       3       0       0       0
      Totals:         0      11       0       0       0
Total ram usage:       11 bytes
 Hardware stack levels used:    1
 Hardware stack levels required when called:    2
 This function calls:
		Absolute function
		___lwdiv
		___lwmod
		_putch
 This function is called by:
		_printf
		_sprintf
 This function uses a non-reentrant model


 *************** function _putch *****************
 Defined at:
		line 202 in file "D2_main3M.c"
 Parameters:    Size  Location     Type
  data            1    2[COMMON] unsigned char 
 Auto vars:     Size  Location     Type
		None
 Return value:  Size  Location     Type
                  1    wreg      void 
 Registers used:
		wreg
 Tracked objects:
		On entry : 
		On exit  : 
		Unchanged: 
 Data sizes:     COMMON   BANK0   BANK1   BANK3   BANK2
      Params:         1       0       0       0       0
      Locals:         0       0       0       0       0
      Temps:          0       0       0       0       0
      Totals:         1       0       0       0       0
Total ram usage:        1 bytes
 Hardware stack levels used:    1
 Hardware stack levels required when called:    1
 This function calls:
		Nothing
 This function is called by:
		_printf
		__doprnt
 This function uses a non-reentrant model


 *************** function ___lwmod *****************
 Defined at:
		line 5 in file "C:\Program Files\Microchip\xc8\v2.31\pic\sources\c90\common\lwmod.c"
 Parameters:    Size  Location     Type
  divisor         2    0[BANK0 ] unsigned int 
  dividend        2    2[BANK0 ] unsigned int 
 Auto vars:     Size  Location     Type
  counter         1    5[BANK0 ] unsigned char 
 Return value:  Size  Location     Type
                  2    0[BANK0 ] unsigned int 
 Registers used:
		wreg, status,2, status,0
 Tracked objects:
		On entry : 
		On exit  : 
		Unchanged: 
 Data sizes:     COMMON   BANK0   BANK1   BANK3   BANK2
      Params:         0       4       0       0       0
      Locals:         0       1       0       0       0
      Temps:          0       1       0       0       0
      Totals:         0       6       0       0       0
Total ram usage:        6 bytes
 Hardware stack levels used:    1
 Hardware stack levels required when called:    1
 This function calls:
		Nothing
 This function is called by:
		__doprnt
 This function uses a non-reentrant model


 *************** function ___lwdiv *****************
 Defined at:
		line 5 in file "C:\Program Files\Microchip\xc8\v2.31\pic\sources\c90\common\lwdiv.c"
 Parameters:    Size  Location     Type
  divisor         2    2[COMMON] unsigned int 
  dividend        2    4[COMMON] unsigned int 
 Auto vars:     Size  Location     Type
  quotient        2    7[COMMON] unsigned int 
  counter         1    9[COMMON] unsigned char 
 Return value:  Size  Location     Type
                  2    2[COMMON] unsigned int 
 Registers used:
		wreg, status,2, status,0
 Tracked objects:
		On entry : 
		On exit  : 
		Unchanged: 
 Data sizes:     COMMON   BANK0   BANK1   BANK3   BANK2
      Params:         4       0       0       0       0
      Locals:         3       0       0       0       0
      Temps:          1       0       0       0       0
      Totals:         8       0       0       0       0
Total ram usage:        8 bytes
 Hardware stack levels used:    1
 Hardware stack levels required when called:    1
 This function calls:
		Nothing
 This function is called by:
		__doprnt
 This function uses a non-reentrant model


 *************** function _atoi *****************
 Defined at:
		line 5 in file "C:\Program Files\Microchip\xc8\v2.31\pic\sources\c90\common\atoi.c"
 Parameters:    Size  Location     Type
  s               1    wreg     PTR const unsigned char 
		 -> concat@s1(20), 
 Auto vars:     Size  Location     Type
  s               1    5[BANK0 ] PTR const unsigned char 
		 -> concat@s1(20), 
  a               2    3[BANK0 ] int 
  sign            1    2[BANK0 ] unsigned char 
 Return value:  Size  Location     Type
                  2    8[COMMON] int 
 Registers used:
		wreg, fsr0l, fsr0h, status,2, status,0, pclath, cstack
 Tracked objects:
		On entry : 
		On exit  : 
		Unchanged: 
 Data sizes:     COMMON   BANK0   BANK1   BANK3   BANK2
      Params:         2       0       0       0       0
      Locals:         0       4       0       0       0
      Temps:          0       2       0       0       0
      Totals:         2       6       0       0       0
Total ram usage:        8 bytes
 Hardware stack levels used:    1
 Hardware stack levels required when called:    2
 This function calls:
		___wmul
		_isdigit
 This function is called by:
		_concat
 This function uses a non-reentrant model


 *************** function _isdigit *****************
 Defined at:
		line 8 in file "C:\Program Files\Microchip\xc8\v2.31\pic\sources\c90\common\isdigit.c"
 Parameters:    Size  Location     Type
  c               1    wreg     unsigned char 
 Auto vars:     Size  Location     Type
  c               1    3[COMMON] unsigned char 
 Return value:  Size  Location     Type
		None               void
 Registers used:
		wreg, status,2, status,0
 Tracked objects:
		On entry : 
		On exit  : 
		Unchanged: 
 Data sizes:     COMMON   BANK0   BANK1   BANK3   BANK2
      Params:         0       0       0       0       0
      Locals:         2       0       0       0       0
      Temps:          0       0       0       0       0
      Totals:         2       0       0       0       0
Total ram usage:        2 bytes
 Hardware stack levels used:    1
 Hardware stack levels required when called:    1
 This function calls:
		Nothing
 This function is called by:
		_atoi
 This function uses a non-reentrant model


 *************** function ___wmul *****************
 Defined at:
		line 15 in file "C:\Program Files\Microchip\xc8\v2.31\pic\sources\c90\common\Umul16.c"
 Parameters:    Size  Location     Type
  multiplier      2    2[COMMON] unsigned int 
  multiplicand    2    4[COMMON] unsigned int 
 Auto vars:     Size  Location     Type
  product         2    6[COMMON] unsigned int 
 Return value:  Size  Location     Type
                  2    2[COMMON] unsigned int 
 Registers used:
		wreg, status,2, status,0
 Tracked objects:
		On entry : 
		On exit  : 
		Unchanged: 
 Data sizes:     COMMON   BANK0   BANK1   BANK3   BANK2
      Params:         4       0       0       0       0
      Locals:         2       0       0       0       0
      Temps:          0       0       0       0       0
      Totals:         6       0       0       0       0
Total ram usage:        6 bytes
 Hardware stack levels used:    1
 Hardware stack levels required when called:    1
 This function calls:
		Nothing
 This function is called by:
		_atoi
 This function uses a non-reentrant model


 *************** function _Write_SPI *****************
 Defined at:
		line 26 in file "SPI.c"
 Parameters:    Size  Location     Type
  dat             1    wreg     unsigned char 
 Auto vars:     Size  Location     Type
  dat             1    2[COMMON] unsigned char 
 Return value:  Size  Location     Type
                  1    wreg      void 
 Registers used:
		wreg
 Tracked objects:
		On entry : 
		On exit  : 
		Unchanged: 
 Data sizes:     COMMON   BANK0   BANK1   BANK3   BANK2
      Params:         0       0       0       0       0
      Locals:         1       0       0       0       0
      Temps:          0       0       0       0       0
      Totals:         1       0       0       0       0
Total ram usage:        1 bytes
 Hardware stack levels used:    1
 Hardware stack levels required when called:    1
 This function calls:
		Nothing
 This function is called by:
		_main
 This function uses a non-reentrant model


 *************** function _Read_SPI *****************
 Defined at:
		line 39 in file "SPI.c"
 Parameters:    Size  Location     Type
		None
 Auto vars:     Size  Location     Type
		None
 Return value:  Size  Location     Type
                  1    wreg      unsigned char 
 Registers used:
		wreg, status,2, status,0, pclath, cstack
 Tracked objects:
		On entry : 
		On exit  : 
		Unchanged: 
 Data sizes:     COMMON   BANK0   BANK1   BANK3   BANK2
      Params:         0       0       0       0       0
      Locals:         0       0       0       0       0
      Temps:          0       0       0       0       0
      Totals:         0       0       0       0       0
Total ram usage:        0 bytes
 Hardware stack levels used:    1
 Hardware stack levels required when called:    2
 This function calls:
		_spiReceiveWait
 This function is called by:
		_main
 This function uses a non-reentrant model


 *************** function _spiReceiveWait *****************
 Defined at:
		line 21 in file "SPI.c"
 Parameters:    Size  Location     Type
		None
 Auto vars:     Size  Location     Type
		None
 Return value:  Size  Location     Type
                  1    wreg      void 
 Registers used:
		None
 Tracked objects:
		On entry : 
		On exit  : 
		Unchanged: 
 Data sizes:     COMMON   BANK0   BANK1   BANK3   BANK2
      Params:         0       0       0       0       0
      Locals:         0       0       0       0       0
      Temps:          0       0       0       0       0
      Totals:         0       0       0       0       0
Total ram usage:        0 bytes
 Hardware stack levels used:    1
 Hardware stack levels required when called:    1
 This function calls:
		Nothing
 This function is called by:
		_Read_SPI
 This function uses a non-reentrant model


 *************** function _isr *****************
 Defined at:
		line 64 in file "D2_main3M.c"
 Parameters:    Size  Location     Type
		None
 Auto vars:     Size  Location     Type
		None
 Return value:  Size  Location     Type
                  1    wreg      void 
 Registers used:
		None
 Tracked objects:
		On entry : 
		On exit  : 
		Unchanged: 
 Data sizes:     COMMON   BANK0   BANK1   BANK3   BANK2
      Params:         0       0       0       0       0
      Locals:         0       0       0       0       0
      Temps:          2       0       0       0       0
      Totals:         2       0       0       0       0
Total ram usage:        2 bytes
 Hardware stack levels used:    1
 This function calls:
		Nothing
 This function is called by:
		Interrupt level 1
 This function uses a non-reentrant model



MODULE INFORMATION

Module		Function		Class		Link	Load	Size
C:\Program Files\Microchip\xc8\v2.31\pic\sources\c90\common\doprnt.c
		__doprnt       		CODE           	0250	0000	310

C:\Program Files\Microchip\xc8\v2.31\pic\sources\c90\common\doprnt.c estimated size: 310

C:\Program Files\Microchip\xc8\v2.31\pic\sources\c90\common\lwmod.c
		___lwmod       		CODE           	072F	0000	60

C:\Program Files\Microchip\xc8\v2.31\pic\sources\c90\common\lwmod.c estimated size: 60

C:\Program Files\Microchip\xc8\v2.31\pic\sources\c90\common\awmod.c
		___awmod       		CODE           	0655	0000	89

C:\Program Files\Microchip\xc8\v2.31\pic\sources\c90\common\awmod.c estimated size: 89

C:\Program Files\Microchip\xc8\v2.31\pic\sources\c90\common\Umul16.c
		___wmul        		CODE           	07C9	0000	37

C:\Program Files\Microchip\xc8\v2.31\pic\sources\c90\common\Umul16.c estimated size: 37

C:\Program Files\Microchip\xc8\v2.31\pic\sources\c90\common\isdigit.c
		_isdigit       		CODE           	07EE	0000	18

C:\Program Files\Microchip\xc8\v2.31\pic\sources\c90\common\isdigit.c estimated size: 18

C:\Program Files\Microchip\xc8\v2.31\pic\sources\c90\common\atoi.c
		_atoi          		CODE           	04A0	0000	131

C:\Program Files\Microchip\xc8\v2.31\pic\sources\c90\common\atoi.c estimated size: 131

D2_main3M.c
		_putch         		CODE           	03D8	0000	9
		_main          		CODE           	05F7	0000	94
		_concat        		CODE           	06F2	0000	61
		_information   		CODE           	002F	0000	545
		_isr           		CODE           	03F1	0000	7
		_division      		CODE           	0523	0000	107
		_setup         		CODE           	076B	0000	53

D2_main3M.c estimated size: 876

C:\Program Files\Microchip\xc8\v2.31\pic\sources\c90\common\strcat.c
		_strcat        		CODE           	07A0	0000	41

C:\Program Files\Microchip\xc8\v2.31\pic\sources\c90\common\strcat.c estimated size: 41

C:\Program Files\Microchip\xc8\v2.31\pic\sources\c90\common\sprintf.c
		_sprintf       		CODE           	0386	0000	33

C:\Program Files\Microchip\xc8\v2.31\pic\sources\c90\common\sprintf.c estimated size: 33

C:\Program Files\Microchip\xc8\v2.31\pic\sources\c90\common\lwdiv.c
		___lwdiv       		CODE           	06AE	0000	68

C:\Program Files\Microchip\xc8\v2.31\pic\sources\c90\common\lwdiv.c estimated size: 68

C:\Program Files\Microchip\xc8\v2.31\pic\sources\c90\common\awdiv.c
		___awdiv       		CODE           	058E	0000	105

C:\Program Files\Microchip\xc8\v2.31\pic\sources\c90\common\awdiv.c estimated size: 105

shared
		__stringtab    		STRING         	0400	0000	6
		_dpowers       		STRING         	0406	0000	10
		__initialization		CODE           	000F	0000	19
		__fptable      		ENTRY          	0026	0000	9

shared estimated size: 44

C:\Program Files\Microchip\xc8\v2.31\pic\sources\c90\common\printf.c
		_printf        		CODE           	03A7	0000	27

C:\Program Files\Microchip\xc8\v2.31\pic\sources\c90\common\printf.c estimated size: 27

SPI.c
		_Write_SPI     		CODE           	03F8	0000	6
		_spiReceiveWait		CODE           	03EA	0000	7
		_Init_SPI      		CODE           	03C2	0000	22
		_Read_SPI      		CODE           	03E1	0000	9

SPI.c estimated size: 44

